node.exe : FAIL tests/unit/utils.spec.ts
所在位置 C:\Program Files\nodejs\npx.ps1:29 字符:
 3
+   & $NODE_EXE $NPX_CLI_JS $args
+   ~~~~~~~~~~~~~~~~~~~~~~~~~~~~~
    + CategoryInfo          : NotSpecified 
   : (FAIL tests/unit/utils.spec.ts:Strin  
  g) [], RemoteException
    + FullyQualifiedErrorId : NativeComman 
   dError
 
  鈼?Test suite failed to run

    [96mtests/unit/utils.spec.ts[0m:[93m
3[0m:[93m32[0m - [91merror[0m[90m TS2
305: [0mModule '"../../src/app/utils/reque
st"' has no exported member 'bindUserIdToSe
ssion'.

    [7m3[0m import { getUserIdFromRequest
, bindUserIdToSession } from '../../src/app
/utils/request';
    [7m [0m [91m                        
       ~~~~~~~~~~~~~~~~~~~[0m

----------------------------|---------|----------|---------|---------|-------------------
File                        | % Stmts | % Branch | % Funcs | % Lines | Uncovered Line #s 
----------------------------|---------|----------|---------|---------|-------------------
All files                   |       0 |        0 |       0 |       0 |                   
 controllers                |       0 |        0 |       0 |       0 |                   
  GraphAiController.ts      |       0 |        0 |       0 |       0 | 4-49              
  NotificationController.ts |       0 |        0 |       0 |       0 | 4-56              
  ai.ts                     |       0 |        0 |       0 |       0 | 18-380            
  auth.apple.ts             |       0 |        0 |       0 |       0 | 6-105             
  auth.google.ts            |       0 |        0 |       0 |       0 | 7-100             
  auth.session.ts           |       0 |      100 |       0 |       0 | 7-25              
  graph.ts                  |       0 |      100 |       0 |       0 | 18-294            
  me.ts                     |       0 |        0 |       0 |       0 | 2-100             
  note.controller.ts        |       0 |        0 |       0 |       0 | 5-204             
  sync.ts                   |       0 |      100 |       0 |       0 | 5-53              
 middlewares                |       0 |        0 |       0 |       0 |                   
  auth.ts                   |       0 |      100 |       0 |       0 | 17-18             
  authJwt.ts                |       0 |        0 |       0 |       0 | 3-85              
  error.ts                  |       0 |        0 |       0 |       0 | 3-49              
  request-context.ts        |       0 |        0 |       0 |       0 | 2-45              
  session.ts                |       0 |      100 |     100 |       0 | 10-17             
 presenters                 |       0 |      100 |       0 |       0 |                   
  problem.ts                |       0 |      100 |       0 |       0 | 7-23              
 routes                     |       0 |        0 |       0 |       0 |                   
  agent.ts                  |       0 |        0 |       0 |       0 | 1-292             
  ai.ts                     |       0 |      100 |       0 |       0 | 5-76              
  auth.apple.ts             |       0 |      100 |     100 |       0 | 1-15              
  auth.google.ts            |       0 |      100 |     100 |       0 | 5-19              
  auth.session.ts           |       0 |      100 |     100 |       0 | 9-25              
  graph.ts                  |       0 |      100 |       0 |       0 | 6-65              
  graphAi.routes.ts         |       0 |      100 |       0 |       0 | 1-26              
  health.ts                 |       0 |      100 |       0 |       0 | 1-20              
  me.ts                     |       0 |      100 |       0 |       0 | 1-28              
  note.routes.ts            |       0 |      100 |       0 |       0 | 1-44              
  notification.routes.ts    |       0 |      100 |       0 |       0 | 1-22              
  sync.ts                   |       0 |      100 |       0 |       0 | 1-19              
 utils                      |       0 |        0 |       0 |       0 |                   
  asyncHandler.ts           |       0 |      100 |       0 |       0 | 27-33             
  authLogin.ts              |       0 |        0 |       0 |       0 | 7-92              
  jwt.ts                    |       0 |        0 |       0 |       0 | 1-92              
  request.ts                |       0 |        0 |       0 |       0 | 3-27              
  sessionCookies.ts         |       0 |        0 |       0 |       0 | 11-80             
----------------------------|---------|----------|---------|---------|-------------------
Jest: "global" coverage threshold for state
ments (80%) not met: 0%
Jest: "global" coverage threshold for branc
hes (70%) not met: 0%
Jest: "global" coverage threshold for lines
 (80%) not met: 0%
Jest: "global" coverage threshold for funct
ions (80%) not met: 0%
Test Suites: 1 failed, 1 total
Tests:       0 total
Snapshots:   0 total
Time:        14.5 s
Ran all test suites matching /tests\\unit\\
utils.spec.ts/i.
